  Файл: /home/alina/cat
  Размер: 36568     	Блоков: 72         Блок В/В: 4096   обычный файл
Устройство: 8/4	Инода: 697980      Ссылки: 1
Доступ: (4755/-rwsr-xr-x)  Uid: (    0/    root)   Gid: (    0/    root)
Контекст: unconfined_u:object_r:user_home_t:s0
Доступ:        2026-09-24 22:52:49.740772683 +0500
Модифицирован: 2026-09-24 22:45:12.552168195 +0500
Изменён:       2026-09-24 22:52:49.730773017 +0500
Создан:        2026-09-24 22:45:12.552168195 +0500
  Файл: /home/alina/my_chown
  Размер: 65840     	Блоков: 144        Блок В/В: 4096   обычный файл
Устройство: 8/4	Инода: 697979      Ссылки: 1
Доступ: (0755/-rwxr-xr-x)  Uid: (    0/    root)   Gid: (    0/    root)
Контекст: unconfined_u:object_r:user_home_t:s0
Доступ:        2026-09-24 23:16:03.123264829 +0500
Модифицирован: 2026-09-24 23:14:41.888260406 +0500
Изменён:       2026-09-24 23:16:03.118265013 +0500
Создан:        2026-09-24 23:14:41.888260406 +0500
  Файл: /home/user1
  Размер: 4096      	Блоков: 8          Блок В/В: 4096   каталог
Устройство: 8/4	Инода: 696866      Ссылки: 3
Доступ: (0700/drwx------)  Uid: ( 1234/   user1)   Gid: ( 1001/students)
Контекст: unconfined_u:object_r:user_home_dir_t:s0
Доступ:        2026-09-24 22:27:12.557475686 +0500
Модифицирован: 2026-09-24 23:41:39.931087246 +0500
Изменён:       2026-09-24 23:41:39.931087246 +0500
Создан:        2026-09-23 18:33:23.012752288 +0500
